Copyright 1986-2022 Xilinx, Inc. All Rights Reserved.
----------------------------------------------------------------------------------------------
| Tool Version : Vivado v.2022.1 (lin64) Build 3526262 Mon Apr 18 15:47:01 MDT 2022
| Date         : Fri Dec 29 17:33:40 2023
| Host         : ubuntu running 64-bit Ubuntu 20.04.6 LTS
| Command      : report_clock_utilization -file design_1_wrapper_clock_utilization_routed.rpt
| Design       : design_1_wrapper
| Device       : 7z020-clg400
| Speed File   : -1  PRODUCTION 1.12 2019-11-22
| Design State : Routed
----------------------------------------------------------------------------------------------

Clock Utilization Report

Table of Contents
-----------------
1. Clock Primitive Utilization
2. Global Clock Resources
3. Global Clock Source Details
4. Clock Regions: Key Resource Utilization
5. Clock Regions : Global Clock Summary
6. Device Cell Placement Summary for Global Clock g0
7. Device Cell Placement Summary for Global Clock g1
8. Device Cell Placement Summary for Global Clock g2
9. Device Cell Placement Summary for Global Clock g3
10. Device Cell Placement Summary for Global Clock g4
11. Device Cell Placement Summary for Global Clock g5
12. Device Cell Placement Summary for Global Clock g6
13. Device Cell Placement Summary for Global Clock g7
14. Device Cell Placement Summary for Global Clock g8
15. Device Cell Placement Summary for Global Clock g9
16. Device Cell Placement Summary for Global Clock g10
17. Clock Region Cell Placement per Global Clock: Region X0Y0
18. Clock Region Cell Placement per Global Clock: Region X1Y0
19. Clock Region Cell Placement per Global Clock: Region X0Y1
20. Clock Region Cell Placement per Global Clock: Region X1Y1
21. Clock Region Cell Placement per Global Clock: Region X0Y2
22. Clock Region Cell Placement per Global Clock: Region X1Y2

1. Clock Primitive Utilization
------------------------------

+----------+------+-----------+-----+--------------+--------+
| Type     | Used | Available | LOC | Clock Region | Pblock |
+----------+------+-----------+-----+--------------+--------+
| BUFGCTRL |   11 |        32 |   0 |            0 |      0 |
| BUFH     |    0 |        72 |   0 |            0 |      0 |
| BUFIO    |    0 |        16 |   0 |            0 |      0 |
| BUFMR    |    0 |         8 |   0 |            0 |      0 |
| BUFR     |    0 |        16 |   0 |            0 |      0 |
| MMCM     |    0 |         4 |   0 |            0 |      0 |
| PLL      |    0 |         4 |   0 |            0 |      0 |
+----------+------+-----------+-----+--------------+--------+


2. Global Clock Resources
-------------------------

+-----------+-----------+-----------------+------------+----------------+--------------+-------------------+-------------+-----------------+--------------+------------+---------------------------------------------------------------------------------------------------------------+--------------------------------------------------------------------------------------------------------+
| Global Id | Source Id | Driver Type/Pin | Constraint | Site           | Clock Region | Load Clock Region | Clock Loads | Non-Clock Loads | Clock Period | Clock      | Driver Pin                                                                                                    | Net                                                                                                    |
+-----------+-----------+-----------------+------------+----------------+--------------+-------------------+-------------+-----------------+--------------+------------+---------------------------------------------------------------------------------------------------------------+--------------------------------------------------------------------------------------------------------+
| g0        | src0      | BUFG/O          | None       | BUFGCTRL_X0Y26 | n/a          |                 6 |        5442 |               4 |       25.000 | clk_fpga_0 | design_1_i/processing_system7_0/inst/buffer_fclk_clk_0.FCLK_CLK_0_BUFG/O                                      | design_1_i/processing_system7_0/inst/FCLK_CLK0                                                         |
| g1        | src1      | BUFG/O          | None       | BUFGCTRL_X0Y16 | n/a          |                 2 |         615 |               0 |              |            | design_1_i/caravel_0/inst/housekeeping/csclk_BUFG_inst/O                                                      | design_1_i/caravel_0/inst/housekeeping/csclk_BUFG                                                      |
| g2        | src0      | BUFG/O          | None       | BUFGCTRL_X0Y24 | n/a          |                 2 |         332 |               0 |       25.000 | clk_fpga_0 | design_1_i/caravel_0/inst/soc/core/clk_BUFG_inst/O                                                            | design_1_i/caravel_0/inst/soc/core/clk_BUFG                                                            |
| g3        | src2      | BUFG/O          | None       | BUFGCTRL_X0Y17 | n/a          |                 2 |         310 |               4 |              |            | design_1_i/caravel_0/inst/housekeeping/mprj_io_loader_clock_BUFG_inst/O                                       | design_1_i/caravel_0/inst/housekeeping/mprj_io_loader_clock_BUFG                                       |
| g4        | src0      | BUFG/O          | None       | BUFGCTRL_X0Y21 | n/a          |                 1 |         231 |               0 |       25.000 | clk_fpga_0 | design_1_i/caravel_0/inst/soc/core/Sys_clk_BUFG_inst/O                                                        | design_1_i/caravel_0/inst/soc/core/Sys_clk_BUFG                                                        |
| g5        | src3      | BUFG/O          | None       | BUFGCTRL_X0Y18 | n/a          |                 2 |         190 |               0 |              |            | design_1_i/caravel_0/inst/housekeeping/mprj_io_loader_strobe_BUFG_inst/O                                      | design_1_i/caravel_0/inst/housekeeping/mprj_io_loader_strobe_BUFG                                      |
| g6        | src4      | BUFG/O          | None       | BUFGCTRL_X0Y25 | n/a          |                 1 |          52 |               0 |              |            | design_1_i/caravel_0/inst/soc/core/flash_clk_core_BUFG_inst/O                                                 | design_1_i/caravel_0/inst/soc/core/flash_clk_core_BUFG                                                 |
| g7        | src5      | BUFG/O          | None       | BUFGCTRL_X0Y19 | n/a          |                 1 |          32 |               3 |              |            | design_1_i/caravel_0/inst/mprj/mprj/user_fir/fir_DUT/E[0]_BUFG_inst/O                                         | design_1_i/caravel_0/inst/mprj/mprj/user_fir/fir_DUT/E_BUFG[0]                                         |
| g8        | src6      | BUFG/O          | None       | BUFGCTRL_X0Y20 | n/a          |                 2 |          32 |               1 |              |            | design_1_i/caravel_0/inst/mprj/mprj/user_fir/fir_DUT/ss_count_reg[3][0]_BUFG_inst/O                           | design_1_i/caravel_0/inst/mprj/mprj/user_fir/fir_DUT/ss_count_reg[3]_BUFG[0]                           |
| g9        | src7      | BUFG/O          | None       | BUFGCTRL_X0Y22 | n/a          |                 2 |          32 |               9 |              |            | design_1_i/caravel_0/inst/soc/core/VexRiscv/IBusCachedPlugin_cache/FSM_onehot_grant_reg[2]_rep_30_BUFG_inst/O | design_1_i/caravel_0/inst/soc/core/VexRiscv/IBusCachedPlugin_cache/FSM_onehot_grant_reg[2]_rep_30_BUFG |
| g10       | src8      | BUFG/O          | None       | BUFGCTRL_X0Y23 | n/a          |                 1 |          32 |               0 |              |            | design_1_i/caravel_0/inst/soc/core/VexRiscv/IBusCachedPlugin_cache/rdata_reg[31]_i_5_0[0]_BUFG_inst/O         | design_1_i/caravel_0/inst/soc/core/VexRiscv/IBusCachedPlugin_cache/rdata_reg[31]_i_5_0_BUFG[0]         |
+-----------+-----------+-----------------+------------+----------------+--------------+-------------------+-------------+-----------------+--------------+------------+---------------------------------------------------------------------------------------------------------------+--------------------------------------------------------------------------------------------------------+
* Clock Loads column represents the clock pin loads (pin count). Internal cell leaf pins are not counted
** Non-Clock Loads column represents the non-clock pin loads (pin count)


3. Global Clock Source Details
------------------------------

+-----------+-----------+-----------------+------------+--------------+--------------+-------------+-----------------+---------------------+--------------+----------------------------------------------------------------------------------------------+---------------------------------------------------------------------------------------------------+
| Source Id | Global Id | Driver Type/Pin | Constraint | Site         | Clock Region | Clock Loads | Non-Clock Loads | Source Clock Period | Source Clock | Driver Pin                                                                                   | Net                                                                                               |
+-----------+-----------+-----------------+------------+--------------+--------------+-------------+-----------------+---------------------+--------------+----------------------------------------------------------------------------------------------+---------------------------------------------------------------------------------------------------+
| src0      | g0        | PS7/FCLKCLK[0]  | PS7_X0Y0   | PS7_X0Y0     | X0Y2         |           1 |               0 |              25.000 | clk_fpga_0   | design_1_i/processing_system7_0/inst/PS7_i/FCLKCLK[0]                                        | design_1_i/processing_system7_0/inst/FCLK_CLK_unbuffered[0]                                       |
| src0      | g2        | LUT3/O          | None       | SLICE_X49Y50 | X0Y1         |           1 |               0 |              25.000 | clk_fpga_0   | design_1_i/caravel_0/inst/soc/core/state_q[3]_i_4/O                                          | design_1_i/caravel_0/inst/soc/core/clk                                                            |
| src0      | g4        | LUT4/O          | None       | SLICE_X49Y50 | X0Y1         |           1 |               0 |              25.000 | clk_fpga_0   | design_1_i/caravel_0/inst/soc/core/RAM_reg_i_1__6/O                                          | design_1_i/caravel_0/inst/soc/core/Sys_clk                                                        |
| src1      | g1        | LUT2/O          | None       | SLICE_X49Y51 | X0Y1         |           1 |               0 |                     |              | design_1_i/caravel_0/inst/housekeeping/hkspi_disable_i_2/O                                   | design_1_i/caravel_0/inst/housekeeping/csclk                                                      |
| src2      | g3        | LUT3/O          | None       | SLICE_X44Y72 | X0Y1         |           1 |               0 |                     |              | design_1_i/caravel_0/inst/housekeeping/shift_register[12]_i_1/O                              | design_1_i/caravel_0/inst/housekeeping/mprj_io_loader_clock                                       |
| src3      | g5        | LUT3/O          | None       | SLICE_X44Y72 | X0Y1         |           1 |               0 |                     |              | design_1_i/caravel_0/inst/housekeeping/gpio_dm[2]_C_i_1/O                                    | design_1_i/caravel_0/inst/housekeeping/mprj_io_loader_strobe                                      |
| src4      | g6        | FDRE/Q          | None       | SLICE_X65Y63 | X1Y1         |           1 |               0 |                     |              | design_1_i/caravel_0/inst/soc/core/flash_clk_reg/Q                                           | design_1_i/caravel_0/inst/soc/core/flash_clk_core                                                 |
| src5      | g7        | FDRE/Q          | None       | SLICE_X45Y36 | X0Y0         |           1 |               0 |                     |              | design_1_i/caravel_0/inst/mprj/mprj/user_fir/fir_DUT/sm_tvalid_reg/Q                         | design_1_i/caravel_0/inst/mprj/mprj/user_fir/fir_DUT/E[0]                                         |
| src6      | g8        | LUT6/O          | None       | SLICE_X48Y35 | X0Y0         |           1 |               0 |                     |              | design_1_i/caravel_0/inst/mprj/mprj/user_fir/fir_DUT/data_Di[-1111111080]_i_1/O              | design_1_i/caravel_0/inst/mprj/mprj/user_fir/fir_DUT/ss_count_reg[3][0]                           |
| src7      | g9        | LUT6/O          | None       | SLICE_X47Y46 | X0Y0         |           1 |               0 |                     |              | design_1_i/caravel_0/inst/soc/core/VexRiscv/IBusCachedPlugin_cache/tap_Di[-1111111080]_i_4/O | design_1_i/caravel_0/inst/soc/core/VexRiscv/IBusCachedPlugin_cache/FSM_onehot_grant_reg[2]_rep_30 |
| src8      | g10       | LUT2/O          | None       | SLICE_X48Y43 | X0Y0         |           1 |               0 |                     |              | design_1_i/caravel_0/inst/soc/core/VexRiscv/IBusCachedPlugin_cache/rdata_reg[31]_i_2/O       | design_1_i/caravel_0/inst/soc/core/VexRiscv/IBusCachedPlugin_cache/rdata_reg[31]_i_5_0[0]         |
+-----------+-----------+-----------------+------------+--------------+--------------+-------------+-----------------+---------------------+--------------+----------------------------------------------------------------------------------------------+---------------------------------------------------------------------------------------------------+
* Clock Loads column represents the clock pin loads (pin count). Internal cell leaf pins are not counted
** Non-Clock Loads column represents the non-clock pin loads (pin count)


4. Clock Regions: Key Resource Utilization
------------------------------------------

+-------------------+--------------+--------------+--------------+--------------+--------------+--------------+--------------+--------------+--------------+--------------+--------------+--------------+--------------+--------------+--------------+
|                   | Global Clock |     BUFRs    |    BUFMRs    |    BUFIOs    |     MMCM     |      PLL     |      GT      |      PCI     |    ILOGIC    |    OLOGIC    |      FF      |     LUTM     |    RAMB18    |    RAMB36    |    DSP48E2   |
+-------------------+------+-------+------+-------+------+-------+------+-------+------+-------+------+-------+------+-------+------+-------+------+-------+------+-------+------+-------+------+-------+------+-------+------+-------+------+-------+
| Clock Region Name | Used | Avail | Used | Avail | Used | Avail | Used | Avail | Used | Avail | Used | Avail | Used | Avail | Used | Avail | Used | Avail | Used | Avail | Used | Avail | Used | Avail | Used | Avail | Used | Avail | Used | Avail |
+-------------------+------+-------+------+-------+------+-------+------+-------+------+-------+------+-------+------+-------+------+-------+------+-------+------+-------+------+-------+------+-------+------+-------+------+-------+------+-------+
| X0Y0              |    8 |    12 |    0 |     4 |    0 |     2 |    0 |     4 |    0 |     1 |    0 |     1 |    0 |     0 |    0 |     0 |    0 |    50 |    0 |    50 | 1070 |  2500 |  493 |  1000 |    0 |    60 |    7 |    30 |    0 |    60 |
| X1Y0              |    3 |    12 |    0 |     4 |    0 |     2 |    0 |     4 |    0 |     1 |    0 |     1 |    0 |     0 |    0 |     0 |    0 |    50 |    0 |    50 |  978 |  3200 |  250 |   850 |    2 |    60 |    2 |    30 |    0 |    40 |
| X0Y1              |    5 |    12 |    0 |     0 |    0 |     0 |    0 |     0 |    0 |     0 |    0 |     0 |    0 |     0 |    0 |     0 |    0 |     0 |    0 |     0 | 2986 |  1200 | 1224 |   400 |    0 |    20 |    0 |    10 |    0 |    20 |
| X1Y1              |    4 |    12 |    0 |     4 |    0 |     2 |    0 |     4 |    0 |     1 |    0 |     1 |    0 |     0 |    0 |     0 |    0 |    50 |    0 |    50 | 1468 |  2600 |  425 |   850 |    1 |    60 |    0 |    30 |    0 |    40 |
| X0Y2              |    1 |    12 |    0 |     0 |    0 |     0 |    0 |     0 |    0 |     0 |    0 |     0 |    0 |     0 |    0 |     0 |    0 |     0 |    0 |     0 |  408 |  1200 |  155 |   400 |    0 |    20 |    0 |    10 |    0 |    20 |
| X1Y2              |    1 |    12 |    0 |     4 |    0 |     2 |    0 |     4 |    0 |     1 |    0 |     1 |    0 |     0 |    0 |     0 |    0 |    50 |    0 |    50 |    9 |  2600 |    6 |   850 |    0 |    60 |    0 |    30 |    0 |    40 |
+-------------------+------+-------+------+-------+------+-------+------+-------+------+-------+------+-------+------+-------+------+-------+------+-------+------+-------+------+-------+------+-------+------+-------+------+-------+------+-------+
* Global Clock column represents track count; while other columns represents cell counts


5. Clock Regions : Global Clock Summary
---------------------------------------

All Modules
+----+----+----+
|    | X0 | X1 |
+----+----+----+
| Y2 |  1 |  1 |
| Y1 |  5 |  4 |
| Y0 |  8 |  3 |
+----+----+----+


6. Device Cell Placement Summary for Global Clock g0
----------------------------------------------------

+-----------+-----------------+-------------------+------------+-------------+----------------+-------------+----------+----------------+----------+------------------------------------------------+
| Global Id | Driver Type/Pin | Driver Region (D) | Clock      | Period (ns) | Waveform (ns)  | Slice Loads | IO Loads | Clocking Loads | GT Loads | Net                                            |
+-----------+-----------------+-------------------+------------+-------------+----------------+-------------+----------+----------------+----------+------------------------------------------------+
| g0        | BUFG/O          | n/a               | clk_fpga_0 |      25.000 | {0.000 12.500} |        5429 |        0 |              0 |        0 | design_1_i/processing_system7_0/inst/FCLK_CLK0 |
+-----------+-----------------+-------------------+------------+-------------+----------------+-------------+----------+----------------+----------+------------------------------------------------+
* Slice Loads column represents load cell count of all cell types other than IO, GT and clock resources
** IO Loads column represents load cell count of IO types
*** Clocking Loads column represents load cell count that are clock resources (global clock buffer, MMCM, PLL, etc)
**** GT Loads column represents load cell count of GT types


+----+-------+------+-----------------------+
|    | X0    | X1   | HORIZONTAL PROG DELAY |
+----+-------+------+-----------------------+
| Y2 |   427 |    9 |                     0 |
| Y1 |  2615 |  912 |                     0 |
| Y0 |   482 |  984 |                     0 |
+----+-------+------+-----------------------+


7. Device Cell Placement Summary for Global Clock g1
----------------------------------------------------

+-----------+-----------------+-------------------+-------+-------------+---------------+-------------+----------+----------------+----------+---------------------------------------------------+
| Global Id | Driver Type/Pin | Driver Region (D) | Clock | Period (ns) | Waveform (ns) | Slice Loads | IO Loads | Clocking Loads | GT Loads | Net                                               |
+-----------+-----------------+-------------------+-------+-------------+---------------+-------------+----------+----------------+----------+---------------------------------------------------+
| g1        | BUFG/O          | n/a               |       |             |               |         615 |        0 |              0 |        0 | design_1_i/caravel_0/inst/housekeeping/csclk_BUFG |
+-----------+-----------------+-------------------+-------+-------------+---------------+-------------+----------+----------------+----------+---------------------------------------------------+
* Slice Loads column represents load cell count of all cell types other than IO, GT and clock resources
** IO Loads column represents load cell count of IO types
*** Clocking Loads column represents load cell count that are clock resources (global clock buffer, MMCM, PLL, etc)
**** GT Loads column represents load cell count of GT types


+----+------+------+-----------------------+
|    | X0   | X1   | HORIZONTAL PROG DELAY |
+----+------+------+-----------------------+
| Y2 |    0 |    0 |                     - |
| Y1 |  241 |  374 |                     0 |
| Y0 |    0 |    0 |                     - |
+----+------+------+-----------------------+


8. Device Cell Placement Summary for Global Clock g2
----------------------------------------------------

+-----------+-----------------+-------------------+------------+-------------+----------------+-------------+----------+----------------+----------+---------------------------------------------+
| Global Id | Driver Type/Pin | Driver Region (D) | Clock      | Period (ns) | Waveform (ns)  | Slice Loads | IO Loads | Clocking Loads | GT Loads | Net                                         |
+-----------+-----------------+-------------------+------------+-------------+----------------+-------------+----------+----------------+----------+---------------------------------------------+
| g2        | BUFG/O          | n/a               | clk_fpga_0 |      25.000 | {0.000 12.500} |         332 |        0 |              0 |        0 | design_1_i/caravel_0/inst/soc/core/clk_BUFG |
+-----------+-----------------+-------------------+------------+-------------+----------------+-------------+----------+----------------+----------+---------------------------------------------+
* Slice Loads column represents load cell count of all cell types other than IO, GT and clock resources
** IO Loads column represents load cell count of IO types
*** Clocking Loads column represents load cell count that are clock resources (global clock buffer, MMCM, PLL, etc)
**** GT Loads column represents load cell count of GT types


+----+------+----+-----------------------+
|    | X0   | X1 | HORIZONTAL PROG DELAY |
+----+------+----+-----------------------+
| Y2 |    0 |  0 |                     - |
| Y1 |    1 |  0 |                     0 |
| Y0 |  331 |  0 |                     0 |
+----+------+----+-----------------------+


9. Device Cell Placement Summary for Global Clock g3
----------------------------------------------------

+-----------+-----------------+-------------------+-------+-------------+---------------+-------------+----------+----------------+----------+------------------------------------------------------------------+
| Global Id | Driver Type/Pin | Driver Region (D) | Clock | Period (ns) | Waveform (ns) | Slice Loads | IO Loads | Clocking Loads | GT Loads | Net                                                              |
+-----------+-----------------+-------------------+-------+-------------+---------------+-------------+----------+----------------+----------+------------------------------------------------------------------+
| g3        | BUFG/O          | n/a               |       |             |               |         314 |        0 |              0 |        0 | design_1_i/caravel_0/inst/housekeeping/mprj_io_loader_clock_BUFG |
+-----------+-----------------+-------------------+-------+-------------+---------------+-------------+----------+----------------+----------+------------------------------------------------------------------+
* Slice Loads column represents load cell count of all cell types other than IO, GT and clock resources
** IO Loads column represents load cell count of IO types
*** Clocking Loads column represents load cell count that are clock resources (global clock buffer, MMCM, PLL, etc)
**** GT Loads column represents load cell count of GT types


+----+------+------+-----------------------+
|    | X0   | X1   | HORIZONTAL PROG DELAY |
+----+------+------+-----------------------+
| Y2 |    0 |    0 |                     - |
| Y1 |  187 |  127 |                     0 |
| Y0 |    0 |    0 |                     - |
+----+------+------+-----------------------+


10. Device Cell Placement Summary for Global Clock g4
-----------------------------------------------------

+-----------+-----------------+-------------------+------------+-------------+----------------+-------------+----------+----------------+----------+-------------------------------------------------+
| Global Id | Driver Type/Pin | Driver Region (D) | Clock      | Period (ns) | Waveform (ns)  | Slice Loads | IO Loads | Clocking Loads | GT Loads | Net                                             |
+-----------+-----------------+-------------------+------------+-------------+----------------+-------------+----------+----------------+----------+-------------------------------------------------+
| g4        | BUFG/O          | n/a               | clk_fpga_0 |      25.000 | {0.000 12.500} |         227 |        0 |              0 |        0 | design_1_i/caravel_0/inst/soc/core/Sys_clk_BUFG |
+-----------+-----------------+-------------------+------------+-------------+----------------+-------------+----------+----------------+----------+-------------------------------------------------+
* Slice Loads column represents load cell count of all cell types other than IO, GT and clock resources
** IO Loads column represents load cell count of IO types
*** Clocking Loads column represents load cell count that are clock resources (global clock buffer, MMCM, PLL, etc)
**** GT Loads column represents load cell count of GT types


+----+------+----+-----------------------+
|    | X0   | X1 | HORIZONTAL PROG DELAY |
+----+------+----+-----------------------+
| Y2 |    0 |  0 |                     - |
| Y1 |    0 |  0 |                     - |
| Y0 |  227 |  0 |                     0 |
+----+------+----+-----------------------+


11. Device Cell Placement Summary for Global Clock g5
-----------------------------------------------------

+-----------+-----------------+-------------------+-------+-------------+---------------+-------------+----------+----------------+----------+-------------------------------------------------------------------+
| Global Id | Driver Type/Pin | Driver Region (D) | Clock | Period (ns) | Waveform (ns) | Slice Loads | IO Loads | Clocking Loads | GT Loads | Net                                                               |
+-----------+-----------------+-------------------+-------+-------------+---------------+-------------+----------+----------------+----------+-------------------------------------------------------------------+
| g5        | BUFG/O          | n/a               |       |             |               |         190 |        0 |              0 |        0 | design_1_i/caravel_0/inst/housekeeping/mprj_io_loader_strobe_BUFG |
+-----------+-----------------+-------------------+-------+-------------+---------------+-------------+----------+----------------+----------+-------------------------------------------------------------------+
* Slice Loads column represents load cell count of all cell types other than IO, GT and clock resources
** IO Loads column represents load cell count of IO types
*** Clocking Loads column represents load cell count that are clock resources (global clock buffer, MMCM, PLL, etc)
**** GT Loads column represents load cell count of GT types


+----+------+-----+-----------------------+
|    | X0   | X1  | HORIZONTAL PROG DELAY |
+----+------+-----+-----------------------+
| Y2 |    0 |   0 |                     - |
| Y1 |  119 |  71 |                     0 |
| Y0 |    0 |   0 |                     - |
+----+------+-----+-----------------------+


12. Device Cell Placement Summary for Global Clock g6
-----------------------------------------------------

+-----------+-----------------+-------------------+-------+-------------+---------------+-------------+----------+----------------+----------+--------------------------------------------------------+
| Global Id | Driver Type/Pin | Driver Region (D) | Clock | Period (ns) | Waveform (ns) | Slice Loads | IO Loads | Clocking Loads | GT Loads | Net                                                    |
+-----------+-----------------+-------------------+-------+-------------+---------------+-------------+----------+----------------+----------+--------------------------------------------------------+
| g6        | BUFG/O          | n/a               |       |             |               |          52 |        0 |              0 |        0 | design_1_i/caravel_0/inst/soc/core/flash_clk_core_BUFG |
+-----------+-----------------+-------------------+-------+-------------+---------------+-------------+----------+----------------+----------+--------------------------------------------------------+
* Slice Loads column represents load cell count of all cell types other than IO, GT and clock resources
** IO Loads column represents load cell count of IO types
*** Clocking Loads column represents load cell count that are clock resources (global clock buffer, MMCM, PLL, etc)
**** GT Loads column represents load cell count of GT types


+----+-----+----+-----------------------+
|    | X0  | X1 | HORIZONTAL PROG DELAY |
+----+-----+----+-----------------------+
| Y2 |   0 |  0 |                     - |
| Y1 |   0 |  0 |                     - |
| Y0 |  52 |  0 |                     0 |
+----+-----+----+-----------------------+


13. Device Cell Placement Summary for Global Clock g7
-----------------------------------------------------

+-----------+-----------------+-------------------+-------+-------------+---------------+-------------+----------+----------------+----------+----------------------------------------------------------------+
| Global Id | Driver Type/Pin | Driver Region (D) | Clock | Period (ns) | Waveform (ns) | Slice Loads | IO Loads | Clocking Loads | GT Loads | Net                                                            |
+-----------+-----------------+-------------------+-------+-------------+---------------+-------------+----------+----------------+----------+----------------------------------------------------------------+
| g7        | BUFG/O          | n/a               |       |             |               |          35 |        0 |              0 |        0 | design_1_i/caravel_0/inst/mprj/mprj/user_fir/fir_DUT/E_BUFG[0] |
+-----------+-----------------+-------------------+-------+-------------+---------------+-------------+----------+----------------+----------+----------------------------------------------------------------+
* Slice Loads column represents load cell count of all cell types other than IO, GT and clock resources
** IO Loads column represents load cell count of IO types
*** Clocking Loads column represents load cell count that are clock resources (global clock buffer, MMCM, PLL, etc)
**** GT Loads column represents load cell count of GT types


+----+-----+----+-----------------------+
|    | X0  | X1 | HORIZONTAL PROG DELAY |
+----+-----+----+-----------------------+
| Y2 |   0 |  0 |                     - |
| Y1 |   0 |  0 |                     - |
| Y0 |  35 |  0 |                     0 |
+----+-----+----+-----------------------+


14. Device Cell Placement Summary for Global Clock g8
-----------------------------------------------------

+-----------+-----------------+-------------------+-------+-------------+---------------+-------------+----------+----------------+----------+------------------------------------------------------------------------------+
| Global Id | Driver Type/Pin | Driver Region (D) | Clock | Period (ns) | Waveform (ns) | Slice Loads | IO Loads | Clocking Loads | GT Loads | Net                                                                          |
+-----------+-----------------+-------------------+-------+-------------+---------------+-------------+----------+----------------+----------+------------------------------------------------------------------------------+
| g8        | BUFG/O          | n/a               |       |             |               |          33 |        0 |              0 |        0 | design_1_i/caravel_0/inst/mprj/mprj/user_fir/fir_DUT/ss_count_reg[3]_BUFG[0] |
+-----------+-----------------+-------------------+-------+-------------+---------------+-------------+----------+----------------+----------+------------------------------------------------------------------------------+
* Slice Loads column represents load cell count of all cell types other than IO, GT and clock resources
** IO Loads column represents load cell count of IO types
*** Clocking Loads column represents load cell count that are clock resources (global clock buffer, MMCM, PLL, etc)
**** GT Loads column represents load cell count of GT types


+----+----+-----+-----------------------+
|    | X0 | X1  | HORIZONTAL PROG DELAY |
+----+----+-----+-----------------------+
| Y2 |  0 |   0 |                     - |
| Y1 |  0 |   0 |                     - |
| Y0 |  1 |  32 |                     0 |
+----+----+-----+-----------------------+


15. Device Cell Placement Summary for Global Clock g9
-----------------------------------------------------

+-----------+-----------------+-------------------+-------+-------------+---------------+-------------+----------+----------------+----------+--------------------------------------------------------------------------------------------------------+
| Global Id | Driver Type/Pin | Driver Region (D) | Clock | Period (ns) | Waveform (ns) | Slice Loads | IO Loads | Clocking Loads | GT Loads | Net                                                                                                    |
+-----------+-----------------+-------------------+-------+-------------+---------------+-------------+----------+----------------+----------+--------------------------------------------------------------------------------------------------------+
| g9        | BUFG/O          | n/a               |       |             |               |          41 |        0 |              0 |        0 | design_1_i/caravel_0/inst/soc/core/VexRiscv/IBusCachedPlugin_cache/FSM_onehot_grant_reg[2]_rep_30_BUFG |
+-----------+-----------------+-------------------+-------+-------------+---------------+-------------+----------+----------------+----------+--------------------------------------------------------------------------------------------------------+
* Slice Loads column represents load cell count of all cell types other than IO, GT and clock resources
** IO Loads column represents load cell count of IO types
*** Clocking Loads column represents load cell count that are clock resources (global clock buffer, MMCM, PLL, etc)
**** GT Loads column represents load cell count of GT types


+----+----+-----+-----------------------+
|    | X0 | X1  | HORIZONTAL PROG DELAY |
+----+----+-----+-----------------------+
| Y2 |  0 |   0 |                     - |
| Y1 |  0 |   0 |                     - |
| Y0 |  8 |  33 |                     0 |
+----+----+-----+-----------------------+


16. Device Cell Placement Summary for Global Clock g10
------------------------------------------------------

+-----------+-----------------+-------------------+-------+-------------+---------------+-------------+----------+----------------+----------+------------------------------------------------------------------------------------------------+
| Global Id | Driver Type/Pin | Driver Region (D) | Clock | Period (ns) | Waveform (ns) | Slice Loads | IO Loads | Clocking Loads | GT Loads | Net                                                                                            |
+-----------+-----------------+-------------------+-------+-------------+---------------+-------------+----------+----------------+----------+------------------------------------------------------------------------------------------------+
| g10       | BUFG/O          | n/a               |       |             |               |          32 |        0 |              0 |        0 | design_1_i/caravel_0/inst/soc/core/VexRiscv/IBusCachedPlugin_cache/rdata_reg[31]_i_5_0_BUFG[0] |
+-----------+-----------------+-------------------+-------+-------------+---------------+-------------+----------+----------------+----------+------------------------------------------------------------------------------------------------+
* Slice Loads column represents load cell count of all cell types other than IO, GT and clock resources
** IO Loads column represents load cell count of IO types
*** Clocking Loads column represents load cell count that are clock resources (global clock buffer, MMCM, PLL, etc)
**** GT Loads column represents load cell count of GT types


+----+-----+----+-----------------------+
|    | X0  | X1 | HORIZONTAL PROG DELAY |
+----+-----+----+-----------------------+
| Y2 |   0 |  0 |                     - |
| Y1 |   0 |  0 |                     - |
| Y0 |  32 |  0 |                     0 |
+----+-----+----+-----------------------+


17. Clock Region Cell Placement per Global Clock: Region X0Y0
-------------------------------------------------------------

+-----------+-------+-----------------+------------+-------------+-----------------+-----+-------------+------+-----+----+------+-----+---------+--------------------------------------------------------------------------------------------------------+
| Global Id | Track | Driver Type/Pin | Constraint | Clock Loads | Non-Clock Loads | FF  | Memory LUTs | RAMB | DSP | GT | MMCM | PLL | Hard IP | Net                                                                                                    |
+-----------+-------+-----------------+------------+-------------+-----------------+-----+-------------+------+-----+----+------+-----+---------+--------------------------------------------------------------------------------------------------------+
| g0        | n/a   | BUFG/O          | None       |         482 |               0 | 464 |          15 |    3 |   0 |  0 |    0 |   0 |       0 | design_1_i/processing_system7_0/inst/FCLK_CLK0                                                         |
| g2        | n/a   | BUFG/O          | None       |         331 |               0 | 331 |           0 |    0 |   0 |  0 |    0 |   0 |       0 | design_1_i/caravel_0/inst/soc/core/clk_BUFG                                                            |
| g4        | n/a   | BUFG/O          | None       |         227 |               0 | 223 |           0 |    4 |   0 |  0 |    0 |   0 |       0 | design_1_i/caravel_0/inst/soc/core/Sys_clk_BUFG                                                        |
| g6        | n/a   | BUFG/O          | None       |          52 |               0 |  52 |           0 |    0 |   0 |  0 |    0 |   0 |       0 | design_1_i/caravel_0/inst/soc/core/flash_clk_core_BUFG                                                 |
| g7        | n/a   | BUFG/O          | None       |          32 |               3 |   0 |           0 |    0 |   0 |  0 |    0 |   0 |       0 | design_1_i/caravel_0/inst/mprj/mprj/user_fir/fir_DUT/E_BUFG[0]                                         |
| g8        | n/a   | BUFG/O          | None       |           1 |               0 |   0 |           0 |    0 |   0 |  0 |    0 |   0 |       0 | design_1_i/caravel_0/inst/mprj/mprj/user_fir/fir_DUT/ss_count_reg[3]_BUFG[0]                           |
| g9        | n/a   | BUFG/O          | None       |           4 |               4 |   0 |           0 |    0 |   0 |  0 |    0 |   0 |       0 | design_1_i/caravel_0/inst/soc/core/VexRiscv/IBusCachedPlugin_cache/FSM_onehot_grant_reg[2]_rep_30_BUFG |
| g10       | n/a   | BUFG/O          | None       |          32 |               0 |   0 |           0 |    0 |   0 |  0 |    0 |   0 |       0 | design_1_i/caravel_0/inst/soc/core/VexRiscv/IBusCachedPlugin_cache/rdata_reg[31]_i_5_0_BUFG[0]         |
+-----------+-------+-----------------+------------+-------------+-----------------+-----+-------------+------+-----+----+------+-----+---------+--------------------------------------------------------------------------------------------------------+
* Clock Loads column represents the clock pin loads (pin count). Internal cell leaf pins are not counted
** Non-Clock Loads column represents the non-clock pin loads (pin count)
*** Columns FF, LUTRAM, RAMB through 'Hard IP' represents load cell counts


18. Clock Region Cell Placement per Global Clock: Region X1Y0
-------------------------------------------------------------

+-----------+-------+-----------------+------------+-------------+-----------------+-----+-------------+------+-----+----+------+-----+---------+--------------------------------------------------------------------------------------------------------+
| Global Id | Track | Driver Type/Pin | Constraint | Clock Loads | Non-Clock Loads | FF  | Memory LUTs | RAMB | DSP | GT | MMCM | PLL | Hard IP | Net                                                                                                    |
+-----------+-------+-----------------+------------+-------------+-----------------+-----+-------------+------+-----+----+------+-----+---------+--------------------------------------------------------------------------------------------------------+
| g0        | n/a   | BUFG/O          | None       |         984 |               0 | 978 |           0 |    4 |   0 |  0 |    0 |   0 |       0 | design_1_i/processing_system7_0/inst/FCLK_CLK0                                                         |
| g8        | n/a   | BUFG/O          | None       |          31 |               1 |   0 |           0 |    1 |   0 |  0 |    0 |   0 |       0 | design_1_i/caravel_0/inst/mprj/mprj/user_fir/fir_DUT/ss_count_reg[3]_BUFG[0]                           |
| g9        | n/a   | BUFG/O          | None       |          28 |               5 |   0 |           0 |    0 |   0 |  0 |    0 |   0 |       0 | design_1_i/caravel_0/inst/soc/core/VexRiscv/IBusCachedPlugin_cache/FSM_onehot_grant_reg[2]_rep_30_BUFG |
+-----------+-------+-----------------+------------+-------------+-----------------+-----+-------------+------+-----+----+------+-----+---------+--------------------------------------------------------------------------------------------------------+
* Clock Loads column represents the clock pin loads (pin count). Internal cell leaf pins are not counted
** Non-Clock Loads column represents the non-clock pin loads (pin count)
*** Columns FF, LUTRAM, RAMB through 'Hard IP' represents load cell counts


19. Clock Region Cell Placement per Global Clock: Region X0Y1
-------------------------------------------------------------

+-----------+-------+-----------------+------------+-------------+-----------------+------+-------------+------+-----+----+------+-----+---------+-------------------------------------------------------------------+
| Global Id | Track | Driver Type/Pin | Constraint | Clock Loads | Non-Clock Loads | FF   | Memory LUTs | RAMB | DSP | GT | MMCM | PLL | Hard IP | Net                                                               |
+-----------+-------+-----------------+------------+-------------+-----------------+------+-------------+------+-----+----+------+-----+---------+-------------------------------------------------------------------+
| g0        | n/a   | BUFG/O          | None       |        2611 |               4 | 2466 |         145 |    0 |   0 |  0 |    0 |   0 |       0 | design_1_i/processing_system7_0/inst/FCLK_CLK0                    |
| g1        | n/a   | BUFG/O          | None       |         241 |               0 |  241 |           0 |    0 |   0 |  0 |    0 |   0 |       0 | design_1_i/caravel_0/inst/housekeeping/csclk_BUFG                 |
| g2        | n/a   | BUFG/O          | None       |           1 |               0 |    1 |           0 |    0 |   0 |  0 |    0 |   0 |       0 | design_1_i/caravel_0/inst/soc/core/clk_BUFG                       |
| g3        | n/a   | BUFG/O          | None       |         183 |               4 |  159 |          24 |    0 |   0 |  0 |    0 |   0 |       0 | design_1_i/caravel_0/inst/housekeeping/mprj_io_loader_clock_BUFG  |
| g5        | n/a   | BUFG/O          | None       |         119 |               0 |  119 |           0 |    0 |   0 |  0 |    0 |   0 |       0 | design_1_i/caravel_0/inst/housekeeping/mprj_io_loader_strobe_BUFG |
+-----------+-------+-----------------+------------+-------------+-----------------+------+-------------+------+-----+----+------+-----+---------+-------------------------------------------------------------------+
* Clock Loads column represents the clock pin loads (pin count). Internal cell leaf pins are not counted
** Non-Clock Loads column represents the non-clock pin loads (pin count)
*** Columns FF, LUTRAM, RAMB through 'Hard IP' represents load cell counts


20. Clock Region Cell Placement per Global Clock: Region X1Y1
-------------------------------------------------------------

+-----------+-------+-----------------+------------+-------------+-----------------+-----+-------------+------+-----+----+------+-----+---------+-------------------------------------------------------------------+
| Global Id | Track | Driver Type/Pin | Constraint | Clock Loads | Non-Clock Loads | FF  | Memory LUTs | RAMB | DSP | GT | MMCM | PLL | Hard IP | Net                                                               |
+-----------+-------+-----------------+------------+-------------+-----------------+-----+-------------+------+-----+----+------+-----+---------+-------------------------------------------------------------------+
| g0        | n/a   | BUFG/O          | None       |         912 |               0 | 910 |           0 |    1 |   0 |  0 |    0 |   0 |       0 | design_1_i/processing_system7_0/inst/FCLK_CLK0                    |
| g1        | n/a   | BUFG/O          | None       |         374 |               0 | 374 |           0 |    0 |   0 |  0 |    0 |   0 |       0 | design_1_i/caravel_0/inst/housekeeping/csclk_BUFG                 |
| g3        | n/a   | BUFG/O          | None       |         127 |               0 | 113 |          14 |    0 |   0 |  0 |    0 |   0 |       0 | design_1_i/caravel_0/inst/housekeeping/mprj_io_loader_clock_BUFG  |
| g5        | n/a   | BUFG/O          | None       |          71 |               0 |  71 |           0 |    0 |   0 |  0 |    0 |   0 |       0 | design_1_i/caravel_0/inst/housekeeping/mprj_io_loader_strobe_BUFG |
+-----------+-------+-----------------+------------+-------------+-----------------+-----+-------------+------+-----+----+------+-----+---------+-------------------------------------------------------------------+
* Clock Loads column represents the clock pin loads (pin count). Internal cell leaf pins are not counted
** Non-Clock Loads column represents the non-clock pin loads (pin count)
*** Columns FF, LUTRAM, RAMB through 'Hard IP' represents load cell counts


21. Clock Region Cell Placement per Global Clock: Region X0Y2
-------------------------------------------------------------

+-----------+-------+-----------------+------------+-------------+-----------------+-----+-------------+------+-----+----+------+-----+---------+------------------------------------------------+
| Global Id | Track | Driver Type/Pin | Constraint | Clock Loads | Non-Clock Loads | FF  | Memory LUTs | RAMB | DSP | GT | MMCM | PLL | Hard IP | Net                                            |
+-----------+-------+-----------------+------------+-------------+-----------------+-----+-------------+------+-----+----+------+-----+---------+------------------------------------------------+
| g0        | n/a   | BUFG/O          | None       |         427 |               0 | 408 |          18 |    0 |   0 |  0 |    0 |   0 |       0 | design_1_i/processing_system7_0/inst/FCLK_CLK0 |
+-----------+-------+-----------------+------------+-------------+-----------------+-----+-------------+------+-----+----+------+-----+---------+------------------------------------------------+
* Clock Loads column represents the clock pin loads (pin count). Internal cell leaf pins are not counted
** Non-Clock Loads column represents the non-clock pin loads (pin count)
*** Columns FF, LUTRAM, RAMB through 'Hard IP' represents load cell counts


22. Clock Region Cell Placement per Global Clock: Region X1Y2
-------------------------------------------------------------

+-----------+-------+-----------------+------------+-------------+-----------------+----+-------------+------+-----+----+------+-----+---------+------------------------------------------------+
| Global Id | Track | Driver Type/Pin | Constraint | Clock Loads | Non-Clock Loads | FF | Memory LUTs | RAMB | DSP | GT | MMCM | PLL | Hard IP | Net                                            |
+-----------+-------+-----------------+------------+-------------+-----------------+----+-------------+------+-----+----+------+-----+---------+------------------------------------------------+
| g0        | n/a   | BUFG/O          | None       |           9 |               0 |  9 |           0 |    0 |   0 |  0 |    0 |   0 |       0 | design_1_i/processing_system7_0/inst/FCLK_CLK0 |
+-----------+-------+-----------------+------------+-------------+-----------------+----+-------------+------+-----+----+------+-----+---------+------------------------------------------------+
* Clock Loads column represents the clock pin loads (pin count). Internal cell leaf pins are not counted
** Non-Clock Loads column represents the non-clock pin loads (pin count)
*** Columns FF, LUTRAM, RAMB through 'Hard IP' represents load cell counts



# Location of BUFG Primitives 
set_property LOC BUFGCTRL_X0Y26 [get_cells design_1_i/processing_system7_0/inst/buffer_fclk_clk_0.FCLK_CLK_0_BUFG]
set_property LOC BUFGCTRL_X0Y25 [get_cells design_1_i/caravel_0/inst/soc/core/flash_clk_core_BUFG_inst]
set_property LOC BUFGCTRL_X0Y24 [get_cells design_1_i/caravel_0/inst/soc/core/clk_BUFG_inst]
set_property LOC BUFGCTRL_X0Y23 [get_cells design_1_i/caravel_0/inst/soc/core/VexRiscv/IBusCachedPlugin_cache/rdata_reg[31]_i_5_0[0]_BUFG_inst]
set_property LOC BUFGCTRL_X0Y22 [get_cells design_1_i/caravel_0/inst/soc/core/VexRiscv/IBusCachedPlugin_cache/FSM_onehot_grant_reg[2]_rep_30_BUFG_inst]
set_property LOC BUFGCTRL_X0Y21 [get_cells design_1_i/caravel_0/inst/soc/core/Sys_clk_BUFG_inst]
set_property LOC BUFGCTRL_X0Y20 [get_cells design_1_i/caravel_0/inst/mprj/mprj/user_fir/fir_DUT/ss_count_reg[3][0]_BUFG_inst]
set_property LOC BUFGCTRL_X0Y19 [get_cells design_1_i/caravel_0/inst/mprj/mprj/user_fir/fir_DUT/E[0]_BUFG_inst]
set_property LOC BUFGCTRL_X0Y18 [get_cells design_1_i/caravel_0/inst/housekeeping/mprj_io_loader_strobe_BUFG_inst]
set_property LOC BUFGCTRL_X0Y17 [get_cells design_1_i/caravel_0/inst/housekeeping/mprj_io_loader_clock_BUFG_inst]
set_property LOC BUFGCTRL_X0Y16 [get_cells design_1_i/caravel_0/inst/housekeeping/csclk_BUFG_inst]

# Location of IO Primitives which is load of clock spine

# Location of clock ports

# Clock net "design_1_i/processing_system7_0/inst/FCLK_CLK0" driven by instance "design_1_i/processing_system7_0/inst/buffer_fclk_clk_0.FCLK_CLK_0_BUFG" located at site "BUFGCTRL_X0Y26"
#startgroup
create_pblock {CLKAG_design_1_i/processing_system7_0/inst/FCLK_CLK0}
add_cells_to_pblock [get_pblocks  {CLKAG_design_1_i/processing_system7_0/inst/FCLK_CLK0}] [get_cells -filter { PRIMITIVE_GROUP != I/O && IS_PRIMITIVE==1 && PRIMITIVE_LEVEL !=INTERNAL } -of_object [get_pins -filter {DIRECTION==IN} -of_objects [get_nets -hierarchical -filter {PARENT=="design_1_i/processing_system7_0/inst/FCLK_CLK0"}]]]
resize_pblock [get_pblocks {CLKAG_design_1_i/processing_system7_0/inst/FCLK_CLK0}] -add {CLOCKREGION_X0Y0:CLOCKREGION_X0Y0 CLOCKREGION_X0Y1:CLOCKREGION_X0Y1 CLOCKREGION_X0Y2:CLOCKREGION_X0Y2 CLOCKREGION_X1Y0:CLOCKREGION_X1Y0 CLOCKREGION_X1Y1:CLOCKREGION_X1Y1 CLOCKREGION_X1Y2:CLOCKREGION_X1Y2}
#endgroup

# Clock net "design_1_i/caravel_0/inst/soc/core/flash_clk_core_BUFG" driven by instance "design_1_i/caravel_0/inst/soc/core/flash_clk_core_BUFG_inst" located at site "BUFGCTRL_X0Y25"
#startgroup
create_pblock {CLKAG_design_1_i/caravel_0/inst/soc/core/flash_clk_core_BUFG}
add_cells_to_pblock [get_pblocks  {CLKAG_design_1_i/caravel_0/inst/soc/core/flash_clk_core_BUFG}] [get_cells -filter { PRIMITIVE_GROUP != I/O && IS_PRIMITIVE==1 && PRIMITIVE_LEVEL !=INTERNAL } -of_object [get_pins -filter {DIRECTION==IN} -of_objects [get_nets -hierarchical -filter {PARENT=="design_1_i/caravel_0/inst/soc/core/flash_clk_core_BUFG"}]]]
resize_pblock [get_pblocks {CLKAG_design_1_i/caravel_0/inst/soc/core/flash_clk_core_BUFG}] -add {CLOCKREGION_X0Y0:CLOCKREGION_X0Y0}
#endgroup

# Clock net "design_1_i/caravel_0/inst/soc/core/clk_BUFG" driven by instance "design_1_i/caravel_0/inst/soc/core/clk_BUFG_inst" located at site "BUFGCTRL_X0Y24"
#startgroup
create_pblock {CLKAG_design_1_i/caravel_0/inst/soc/core/clk_BUFG}
add_cells_to_pblock [get_pblocks  {CLKAG_design_1_i/caravel_0/inst/soc/core/clk_BUFG}] [get_cells -filter { PRIMITIVE_GROUP != I/O && IS_PRIMITIVE==1 && PRIMITIVE_LEVEL !=INTERNAL } -of_object [get_pins -filter {DIRECTION==IN} -of_objects [get_nets -hierarchical -filter {PARENT=="design_1_i/caravel_0/inst/soc/core/clk_BUFG"}]]]
resize_pblock [get_pblocks {CLKAG_design_1_i/caravel_0/inst/soc/core/clk_BUFG}] -add {CLOCKREGION_X0Y0:CLOCKREGION_X0Y0 CLOCKREGION_X0Y1:CLOCKREGION_X0Y1}
#endgroup

# Clock net "design_1_i/caravel_0/inst/soc/core/VexRiscv/IBusCachedPlugin_cache/rdata_reg[31]_i_5_0_BUFG[0]" driven by instance "design_1_i/caravel_0/inst/soc/core/VexRiscv/IBusCachedPlugin_cache/rdata_reg[31]_i_5_0[0]_BUFG_inst" located at site "BUFGCTRL_X0Y23"
#startgroup
create_pblock {CLKAG_design_1_i/caravel_0/inst/soc/core/VexRiscv/IBusCachedPlugin_cache/rdata_reg[31]_i_5_0_BUFG[0]}
add_cells_to_pblock [get_pblocks  {CLKAG_design_1_i/caravel_0/inst/soc/core/VexRiscv/IBusCachedPlugin_cache/rdata_reg[31]_i_5_0_BUFG[0]}] [get_cells -filter { PRIMITIVE_GROUP != I/O && IS_PRIMITIVE==1 && PRIMITIVE_LEVEL !=INTERNAL } -of_object [get_pins -filter {DIRECTION==IN} -of_objects [get_nets -hierarchical -filter {PARENT=="design_1_i/caravel_0/inst/soc/core/VexRiscv/IBusCachedPlugin_cache/rdata_reg[31]_i_5_0_BUFG[0]"}]]]
resize_pblock [get_pblocks {CLKAG_design_1_i/caravel_0/inst/soc/core/VexRiscv/IBusCachedPlugin_cache/rdata_reg[31]_i_5_0_BUFG[0]}] -add {CLOCKREGION_X0Y0:CLOCKREGION_X0Y0}
#endgroup

# Clock net "design_1_i/caravel_0/inst/soc/core/VexRiscv/IBusCachedPlugin_cache/FSM_onehot_grant_reg[2]_rep_30_BUFG" driven by instance "design_1_i/caravel_0/inst/soc/core/VexRiscv/IBusCachedPlugin_cache/FSM_onehot_grant_reg[2]_rep_30_BUFG_inst" located at site "BUFGCTRL_X0Y22"
#startgroup
create_pblock {CLKAG_design_1_i/caravel_0/inst/soc/core/VexRiscv/IBusCachedPlugin_cache/FSM_onehot_grant_reg[2]_rep_30_BUFG}
add_cells_to_pblock [get_pblocks  {CLKAG_design_1_i/caravel_0/inst/soc/core/VexRiscv/IBusCachedPlugin_cache/FSM_onehot_grant_reg[2]_rep_30_BUFG}] [get_cells -filter { PRIMITIVE_GROUP != I/O && IS_PRIMITIVE==1 && PRIMITIVE_LEVEL !=INTERNAL } -of_object [get_pins -filter {DIRECTION==IN} -of_objects [get_nets -hierarchical -filter {PARENT=="design_1_i/caravel_0/inst/soc/core/VexRiscv/IBusCachedPlugin_cache/FSM_onehot_grant_reg[2]_rep_30_BUFG"}]]]
resize_pblock [get_pblocks {CLKAG_design_1_i/caravel_0/inst/soc/core/VexRiscv/IBusCachedPlugin_cache/FSM_onehot_grant_reg[2]_rep_30_BUFG}] -add {CLOCKREGION_X0Y0:CLOCKREGION_X0Y0 CLOCKREGION_X1Y0:CLOCKREGION_X1Y0}
#endgroup

# Clock net "design_1_i/caravel_0/inst/soc/core/Sys_clk_BUFG" driven by instance "design_1_i/caravel_0/inst/soc/core/Sys_clk_BUFG_inst" located at site "BUFGCTRL_X0Y21"
#startgroup
create_pblock {CLKAG_design_1_i/caravel_0/inst/soc/core/Sys_clk_BUFG}
add_cells_to_pblock [get_pblocks  {CLKAG_design_1_i/caravel_0/inst/soc/core/Sys_clk_BUFG}] [get_cells -filter { PRIMITIVE_GROUP != I/O && IS_PRIMITIVE==1 && PRIMITIVE_LEVEL !=INTERNAL } -of_object [get_pins -filter {DIRECTION==IN} -of_objects [get_nets -hierarchical -filter {PARENT=="design_1_i/caravel_0/inst/soc/core/Sys_clk_BUFG"}]]]
resize_pblock [get_pblocks {CLKAG_design_1_i/caravel_0/inst/soc/core/Sys_clk_BUFG}] -add {CLOCKREGION_X0Y0:CLOCKREGION_X0Y0}
#endgroup

# Clock net "design_1_i/caravel_0/inst/mprj/mprj/user_fir/fir_DUT/ss_count_reg[3]_BUFG[0]" driven by instance "design_1_i/caravel_0/inst/mprj/mprj/user_fir/fir_DUT/ss_count_reg[3][0]_BUFG_inst" located at site "BUFGCTRL_X0Y20"
#startgroup
create_pblock {CLKAG_design_1_i/caravel_0/inst/mprj/mprj/user_fir/fir_DUT/ss_count_reg[3]_BUFG[0]}
add_cells_to_pblock [get_pblocks  {CLKAG_design_1_i/caravel_0/inst/mprj/mprj/user_fir/fir_DUT/ss_count_reg[3]_BUFG[0]}] [get_cells -filter { PRIMITIVE_GROUP != I/O && IS_PRIMITIVE==1 && PRIMITIVE_LEVEL !=INTERNAL } -of_object [get_pins -filter {DIRECTION==IN} -of_objects [get_nets -hierarchical -filter {PARENT=="design_1_i/caravel_0/inst/mprj/mprj/user_fir/fir_DUT/ss_count_reg[3]_BUFG[0]"}]]]
resize_pblock [get_pblocks {CLKAG_design_1_i/caravel_0/inst/mprj/mprj/user_fir/fir_DUT/ss_count_reg[3]_BUFG[0]}] -add {CLOCKREGION_X0Y0:CLOCKREGION_X0Y0 CLOCKREGION_X1Y0:CLOCKREGION_X1Y0}
#endgroup

# Clock net "design_1_i/caravel_0/inst/mprj/mprj/user_fir/fir_DUT/E_BUFG[0]" driven by instance "design_1_i/caravel_0/inst/mprj/mprj/user_fir/fir_DUT/E[0]_BUFG_inst" located at site "BUFGCTRL_X0Y19"
#startgroup
create_pblock {CLKAG_design_1_i/caravel_0/inst/mprj/mprj/user_fir/fir_DUT/E_BUFG[0]}
add_cells_to_pblock [get_pblocks  {CLKAG_design_1_i/caravel_0/inst/mprj/mprj/user_fir/fir_DUT/E_BUFG[0]}] [get_cells -filter { PRIMITIVE_GROUP != I/O && IS_PRIMITIVE==1 && PRIMITIVE_LEVEL !=INTERNAL } -of_object [get_pins -filter {DIRECTION==IN} -of_objects [get_nets -hierarchical -filter {PARENT=="design_1_i/caravel_0/inst/mprj/mprj/user_fir/fir_DUT/E_BUFG[0]"}]]]
resize_pblock [get_pblocks {CLKAG_design_1_i/caravel_0/inst/mprj/mprj/user_fir/fir_DUT/E_BUFG[0]}] -add {CLOCKREGION_X0Y0:CLOCKREGION_X0Y0}
#endgroup

# Clock net "design_1_i/caravel_0/inst/housekeeping/mprj_io_loader_strobe_BUFG" driven by instance "design_1_i/caravel_0/inst/housekeeping/mprj_io_loader_strobe_BUFG_inst" located at site "BUFGCTRL_X0Y18"
#startgroup
create_pblock {CLKAG_design_1_i/caravel_0/inst/housekeeping/mprj_io_loader_strobe_BUFG}
add_cells_to_pblock [get_pblocks  {CLKAG_design_1_i/caravel_0/inst/housekeeping/mprj_io_loader_strobe_BUFG}] [get_cells -filter { PRIMITIVE_GROUP != I/O && IS_PRIMITIVE==1 && PRIMITIVE_LEVEL !=INTERNAL } -of_object [get_pins -filter {DIRECTION==IN} -of_objects [get_nets -hierarchical -filter {PARENT=="design_1_i/caravel_0/inst/housekeeping/mprj_io_loader_strobe_BUFG"}]]]
resize_pblock [get_pblocks {CLKAG_design_1_i/caravel_0/inst/housekeeping/mprj_io_loader_strobe_BUFG}] -add {CLOCKREGION_X0Y1:CLOCKREGION_X0Y1 CLOCKREGION_X1Y1:CLOCKREGION_X1Y1}
#endgroup

# Clock net "design_1_i/caravel_0/inst/housekeeping/mprj_io_loader_clock_BUFG" driven by instance "design_1_i/caravel_0/inst/housekeeping/mprj_io_loader_clock_BUFG_inst" located at site "BUFGCTRL_X0Y17"
#startgroup
create_pblock {CLKAG_design_1_i/caravel_0/inst/housekeeping/mprj_io_loader_clock_BUFG}
add_cells_to_pblock [get_pblocks  {CLKAG_design_1_i/caravel_0/inst/housekeeping/mprj_io_loader_clock_BUFG}] [get_cells -filter { PRIMITIVE_GROUP != I/O && IS_PRIMITIVE==1 && PRIMITIVE_LEVEL !=INTERNAL } -of_object [get_pins -filter {DIRECTION==IN} -of_objects [get_nets -hierarchical -filter {PARENT=="design_1_i/caravel_0/inst/housekeeping/mprj_io_loader_clock_BUFG"}]]]
resize_pblock [get_pblocks {CLKAG_design_1_i/caravel_0/inst/housekeeping/mprj_io_loader_clock_BUFG}] -add {CLOCKREGION_X0Y1:CLOCKREGION_X0Y1 CLOCKREGION_X1Y1:CLOCKREGION_X1Y1}
#endgroup

# Clock net "design_1_i/caravel_0/inst/housekeeping/csclk_BUFG" driven by instance "design_1_i/caravel_0/inst/housekeeping/csclk_BUFG_inst" located at site "BUFGCTRL_X0Y16"
#startgroup
create_pblock {CLKAG_design_1_i/caravel_0/inst/housekeeping/csclk_BUFG}
add_cells_to_pblock [get_pblocks  {CLKAG_design_1_i/caravel_0/inst/housekeeping/csclk_BUFG}] [get_cells -filter { PRIMITIVE_GROUP != I/O && IS_PRIMITIVE==1 && PRIMITIVE_LEVEL !=INTERNAL } -of_object [get_pins -filter {DIRECTION==IN} -of_objects [get_nets -hierarchical -filter {PARENT=="design_1_i/caravel_0/inst/housekeeping/csclk_BUFG"}]]]
resize_pblock [get_pblocks {CLKAG_design_1_i/caravel_0/inst/housekeeping/csclk_BUFG}] -add {CLOCKREGION_X0Y1:CLOCKREGION_X0Y1 CLOCKREGION_X1Y1:CLOCKREGION_X1Y1}
#endgroup
