#-----------------------------------------------------------
# Vivado v2022.1 (64-bit)
# SW Build 3526262 on Mon Apr 18 15:47:01 MDT 2022
# IP Build 3524634 on Mon Apr 18 20:55:01 MDT 2022
# Start of session at: Fri Dec 29 17:22:53 2023
# Process ID: 255799
# Current directory: /home/bl605/SoC_Design/caravel-soc_fpga-lab/lab-wlos_baseline/vivado/vvd_caravel_fpga/vvd_caravel_fpga.runs/design_1_caravel_ps_0_0_synth_1
# Command line: vivado -log design_1_caravel_ps_0_0.vds -product Vivado -mode batch -messageDb vivado.pb -notrace -source design_1_caravel_ps_0_0.tcl
# Log file: /home/bl605/SoC_Design/caravel-soc_fpga-lab/lab-wlos_baseline/vivado/vvd_caravel_fpga/vvd_caravel_fpga.runs/design_1_caravel_ps_0_0_synth_1/design_1_caravel_ps_0_0.vds
# Journal file: /home/bl605/SoC_Design/caravel-soc_fpga-lab/lab-wlos_baseline/vivado/vvd_caravel_fpga/vvd_caravel_fpga.runs/design_1_caravel_ps_0_0_synth_1/vivado.jou
# Running On: ubuntu, OS: Linux, CPU Frequency: 3398.034 MHz, CPU Physical cores: 8, Host memory: 33615 MB
#-----------------------------------------------------------
source design_1_caravel_ps_0_0.tcl -notrace
